src/components/BattleOverlay.tsx(49,5): error TS6133: 'attackerResources' is declared but its value is never read.
src/components/BattleOverlay.tsx(50,5): error TS6133: 'defenderResources' is declared but its value is never read.
src/components/BattleOverlay.tsx(54,5): error TS6133: 'hasNuclearUnlock' is declared but its value is never read.
src/components/BattleOverlay.tsx(55,5): error TS6133: 'onOpenConfidential' is declared but its value is never read.
src/components/ErrorBoundary.tsx(1,8): error TS6133: 'React' is declared but its value is never read.
src/components/ErrorBoundary.tsx(1,28): error TS1484: 'ErrorInfo' is a type and must be imported using a type-only import when 'verbatimModuleSyntax' is enabled.
src/components/ErrorBoundary.tsx(1,39): error TS1484: 'ReactNode' is a type and must be imported using a type-only import when 'verbatimModuleSyntax' is enabled.
src/components/TegMap.tsx(2,26): error TS6133: 'Regiment' is declared but its value is never read.
src/components/TegMap.tsx(2,41): error TS6133: 'Tier' is declared but its value is never read.
src/components/TegMap.tsx(33,5): error TS6133: 'REGION_ADJACENCY' is declared but its value is never read.
src/components/TegMap.tsx(52,24): error TS6133: 'RegionData' is declared but its value is never read.
src/components/TegMap.tsx(404,12): error TS6133: 'showGeothermalModal' is declared but its value is never read.
src/components/TegMap.tsx(405,12): error TS6133: 'showAndesModal' is declared but its value is never read.
src/components/TegMap.tsx(406,12): error TS6133: 'showNormandyModal' is declared but its value is never read.
src/components/TegMap.tsx(585,12): error TS6133: 'selectedNuclearFuelCardId' is declared but its value is never read.
src/components/TegMap.tsx(585,39): error TS6133: 'setSelectedNuclearFuelCardId' is declared but its value is never read.
src/components/TegMap.tsx(586,12): error TS6133: 'selectedLaunchSilo' is declared but its value is never read.
src/components/TegMap.tsx(586,32): error TS6133: 'setSelectedLaunchSilo' is declared but its value is never read.
src/components/TegMap.tsx(593,12): error TS6133: 'showDesalinizationModal' is declared but its value is never read.
src/components/TegMap.tsx(593,37): error TS6133: 'setShowDesalinizationModal' is declared but its value is never read.
src/components/TegMap.tsx(594,12): error TS6133: 'selectedEnergySupplyId' is declared but its value is never read.
src/components/TegMap.tsx(595,12): error TS6133: 'showInventoryInMission' is declared but its value is never read.
src/components/TegMap.tsx(595,36): error TS6133: 'setShowInventoryInMission' is declared but its value is never read.
src/components/TegMap.tsx(609,12): error TS6133: 'espionageTargetId' is declared but its value is never read.
src/components/TegMap.tsx(617,12): error TS6133: 'selectedEspionageTechId' is declared but its value is never read.
src/components/TegMap.tsx(618,12): error TS6133: 'selectedEspionageRawId' is declared but its value is never read.
src/components/TegMap.tsx(625,12): error TS6133: 'selectedNuclearTechId' is declared but its value is never read.
src/components/TegMap.tsx(626,12): error TS6133: 'selectedNuclearRawId' is declared but its value is never read.
src/components/TegMap.tsx(627,12): error TS6133: 'selectedNormandyTechId' is declared but its value is never read.
src/components/TegMap.tsx(628,12): error TS6133: 'selectedNormandyIronId' is declared but its value is never read.
src/components/TegMap.tsx(789,11): error TS6133: 'handleAddGeothermalReward' is declared but its value is never read.
src/components/TegMap.tsx(807,11): error TS6133: 'handleActivateMissionEffect' is declared but its value is never read.
src/components/TegMap.tsx(844,11): error TS6133: 'handleExecuteWarSecrets' is declared but its value is never read.
src/components/TegMap.tsx(1131,11): error TS6133: 'setDateToStart' is declared but its value is never read.
src/components/TegMap.tsx(1263,82): error TS2304: Cannot find name 'cardId'.
src/components/TegMap.tsx(1380,9): error TS2304: Cannot find name 'addSpecialCard'.
src/components/TegMap.tsx(1403,9): error TS2304: Cannot find name 'addSpecialCard'.
src/components/TegMap.tsx(1661,19): error TS6133: 'nextPlayer' is declared but its value is never read.
src/components/TegMap.tsx(3652,31): error TS6133: 'player' is declared but its value is never read.
src/components/TegMap.tsx(3710,88): error TS6133: 'req' is declared but its value is never read.
src/components/TegMap.tsx(3711,89): error TS6133: 'req' is declared but its value is never read.
src/components/TegMap.tsx(4889,73): error TS2304: Cannot find name 'setSelectedSiloForFuel'.
src/components/TegMap.tsx(4890,73): error TS2304: Cannot find name 'setShowSiloFuelSelection'.
src/components/TegMap.tsx(5056,32): error TS2552: Cannot find name 'showSiloFuelSelection'. Did you mean 'showSiloFuelSelectionModal'?
src/components/TegMap.tsx(5056,57): error TS2304: Cannot find name 'selectedSiloForFuel'.
src/components/TegMap.tsx(5060,72): error TS2304: Cannot find name 'selectedSiloForFuel'.
src/components/TegMap.tsx(5064,35): error TS2552: Cannot find name 'showSiloFuelSelection'. Did you mean 'showSiloFuelSelectionModal'?
src/components/TegMap.tsx(5066,33): error TS2552: Cannot find name 'setShowSiloFuelSelection'. Did you mean 'setShowSiloFuelSelectionModal'?
src/components/TegMap.tsx(5067,33): error TS2304: Cannot find name 'setSelectedSiloForFuel'.
src/components/TegMap.tsx(5069,43): error TS2304: Cannot find name 'selectedSiloForFuel'.
src/components/TegMap.tsx(5085,33): error TS2304: Cannot find name 'setShowSiloFuelSelection'.
src/components/TegMap.tsx(5086,33): error TS2304: Cannot find name 'setSelectedSiloForFuel'.
src/components/TegMap.tsx(5177,87): error TS2554: Expected 2 arguments, but got 3.
src/components/TegMap.tsx(5677,61): error TS6133: 'arg0' is declared but its value is never read.
src/components/TegMap.tsx(6166,21): error TS2322: Type '{ show: boolean; onClose: () => void; targetCountry: string; selectedAgency: "CIA" | "MSS" | null; onConfirm: (resourceType: RawMaterialType) => void; }' is not assignable to type 'IntrinsicAttributes & WarSecretsModalProps'.
  Property 'targetCountry' does not exist on type 'IntrinsicAttributes & WarSecretsModalProps'.
src/components/TegMap.tsx(6176,21): error TS2322: Type 'string | null' is not assignable to type 'string | undefined'.
  Type 'null' is not assignable to type 'string | undefined'.
src/components/TegMap.tsx(6181,21): error TS2322: Type '(startRegionId: string, endRegionId: string, playerIdx: number, ownersToUse?: Record<string, number | null>) => boolean' is not assignable to type '(fromRegionId: string, toRegionId: string) => boolean'.
  Target signature provides too few arguments. Expected 3 or more, but got 2.
src/components/TegMap.tsx(6197,21): error TS2322: Type '(startRegionId: string, endRegionId: string, playerIdx: number, ownersToUse?: Record<string, number | null>) => boolean' is not assignable to type '(fromRegionId: string, toRegionId: string) => boolean'.
  Target signature provides too few arguments. Expected 3 or more, but got 2.
src/components/TegMap.tsx(6220,21): error TS2322: Type '(startRegionId: string, endRegionId: string, playerIdx: number, ownersToUse?: Record<string, number | null>) => boolean' is not assignable to type '(fromRegionId: string, toRegionId: string) => boolean'.
  Target signature provides too few arguments. Expected 3 or more, but got 2.
src/components/TegMap.tsx(6240,21): error TS2322: Type '(startRegionId: string, endRegionId: string, playerIdx: number, ownersToUse?: Record<string, number | null>) => boolean' is not assignable to type '(fromRegionId: string, toRegionId: string) => boolean'.
  Target signature provides too few arguments. Expected 3 or more, but got 2.
src/data/productionData.ts(1,81): error TS6196: 'RawMaterialCard' is declared but never used.
src/data/productionData.ts(1,98): error TS6196: 'TechnologyCard' is declared but never used.
src/hooks/useBattleState.ts(6,1): error TS6133: 'RawMaterialCard' is declared but its value is never read.
